1;prod-1;CRIADA;;
1;prod-1;PRODUZIU;1;
1;prod-1;PRODUZIU;2;
1;prod-1;PRODUZIU;3;
1;prod-1;PRODUZIU;4;
1;prod-1;PRODUZIU;5;
1;prod-1;BLOQUEIA_CHEIA;;
1;prod-2;CRIADA;;
1;prod-2;BLOQUEIA_CHEIA;;
1;cons-2;CRIADA;;
1;cons-1;CRIADA;;
1;cons-3;CRIADA;;
1;cons-4;CRIADA;;
1;prod-3;CRIADA;;
1;cons-2;SOLICITA;A;
1;cons-2;OBTEM;A;
1;prod-1;PRODUZIU;6;
1;prod-1;BLOQUEIA_CHEIA;;
1;cons-3;SOLICITA;B;
1;cons-3;OBTEM;B;
1;prod-2;PRODUZIU;7;
1;prod-2;BLOQUEIA_CHEIA;;
1;cons-1;SOLICITA;A;
1;cons-1;OBTEM;A;
1;prod-1;PRODUZIU;8;
1;prod-1;BLOQUEIA_CHEIA;;
1;cons-4;SOLICITA;B;
1;cons-4;OBTEM;B;
1;prod-2;PRODUZIU;9;
1;prod-2;BLOQUEIA_CHEIA;;
1;prod-3;BLOQUEIA_CHEIA;;
66;cons-4;SOLICITA;A;
66;cons-1;SOLICITA;B;
66;cons-2;SOLICITA;B;
66;cons-3;SOLICITA;A;
