1;prod-1;CRIADA;;
1;prod-1;PRODUZIU;1;
1;prod-1;PRODUZIU;2;
1;prod-1;PRODUZIU;3;
1;prod-1;PRODUZIU;4;
1;prod-1;PRODUZIU;5;
1;prod-1;BLOQUEIA_CHEIA;;
1;prod-2;CRIADA;;
1;prod-2;BLOQUEIA_CHEIA;;
1;prod-3;CRIADA;;
1;prod-3;BLOQUEIA_CHEIA;;
1;cons-1;CRIADA;;
1;cons-4;CRIADA;;
1;cons-2;CRIADA;;
1;cons-3;CRIADA;;
1;cons-1;SOLICITA;A;
1;cons-1;OBTEM;A;
1;cons-1;SOLICITA;B;
1;cons-1;OBTEM;B;
1;cons-1;CONSUMIU;1;
1;cons-1;LIBERA;B;
1;cons-1;LIBERA;A;
1;prod-1;PRODUZIU;6;
1;prod-1;BLOQUEIA_CHEIA;;
1;cons-2;SOLICITA;A;
1;cons-2;OBTEM;A;
1;cons-2;SOLICITA;B;
1;cons-2;OBTEM;B;
1;cons-2;CONSUMIU;2;
1;cons-2;LIBERA;B;
1;cons-2;LIBERA;A;
1;prod-2;PRODUZIU;7;
1;prod-2;BLOQUEIA_CHEIA;;
1;cons-4;SOLICITA;A;
1;cons-4;OBTEM;A;
1;cons-4;SOLICITA;B;
1;cons-4;OBTEM;B;
1;cons-4;CONSUMIU;3;
1;cons-4;LIBERA;B;
1;cons-4;LIBERA;A;
1;prod-3;PRODUZIU;8;
1;prod-3;BLOQUEIA_CHEIA;;
1;cons-1;SOLICITA;A;
1;cons-1;OBTEM;A;
1;cons-1;SOLICITA;B;
1;cons-1;OBTEM;B;
1;cons-1;CONSUMIU;4;
1;cons-1;LIBERA;B;
1;cons-1;LIBERA;A;
1;prod-1;PRODUZIU;9;
1;prod-1;BLOQUEIA_CHEIA;;
1;cons-2;SOLICITA;A;
1;cons-2;OBTEM;A;
1;cons-2;SOLICITA;B;
1;cons-2;OBTEM;B;
1;cons-2;CONSUMIU;5;
1;cons-2;LIBERA;B;
1;prod-2;PRODUZIU;10;
1;prod-2;BLOQUEIA_CHEIA;;
1;cons-2;LIBERA;A;
1;cons-4;SOLICITA;A;
2;cons-4;OBTEM;A;
2;cons-4;SOLICITA;B;
2;cons-4;OBTEM;B;
2;cons-4;CONSUMIU;6;
2;cons-4;LIBERA;B;
2;cons-4;LIBERA;A;
1;prod-3;PRODUZIU;11;
2;prod-3;BLOQUEIA_CHEIA;;
2;cons-2;SOLICITA;A;
2;cons-2;OBTEM;A;
2;cons-2;SOLICITA;B;
2;cons-2;OBTEM;B;
2;cons-2;CONSUMIU;7;
2;cons-2;LIBERA;B;
2;cons-2;LIBERA;A;
2;prod-1;PRODUZIU;12;
2;prod-1;BLOQUEIA_CHEIA;;
2;prod-2;PRODUZIU;13;
2;prod-2;BLOQUEIA_CHEIA;;
2;cons-4;SOLICITA;A;
2;cons-4;OBTEM;A;
2;cons-4;SOLICITA;B;
2;cons-4;OBTEM;B;
2;prod-3;PRODUZIU;14;
2;prod-3;BLOQUEIA_CHEIA;;
2;cons-3;SOLICITA;A;
2;prod-1;PRODUZIU;15;
2;cons-4;CONSUMIU;8;
2;prod-1;BLOQUEIA_CHEIA;;
2;cons-3;OBTEM;A;
2;prod-2;PRODUZIU;16;
2;prod-2;BLOQUEIA_CHEIA;;
2;cons-3;SOLICITA;B;
2;cons-3;OBTEM;B;
2;cons-3;CONSUMIU;9;
2;cons-3;LIBERA;B;
2;cons-3;LIBERA;A;
2;cons-3;SOLICITA;A;
2;cons-3;OBTEM;A;
2;cons-3;SOLICITA;B;
2;cons-3;OBTEM;B;
2;cons-3;CONSUMIU;12;
2;prod-3;PRODUZIU;17;
2;prod-3;BLOQUEIA_CHEIA;;
2;cons-1;SOLICITA;A;
2;cons-2;SOLICITA;A;
2;cons-4;LIBERA;B;
2;cons-4;LIBERA;A;
2;cons-1;OBTEM;A;
2;prod-1;PRODUZIU;18;
2;prod-1;BLOQUEIA_CHEIA;;
2;cons-1;SOLICITA;B;
2;cons-1;OBTEM;B;
2;cons-1;CONSUMIU;11;
2;cons-3;LIBERA;B;
2;cons-3;LIBERA;A;
2;cons-2;OBTEM;A;
2;cons-2;SOLICITA;B;
2;cons-2;OBTEM;B;
2;prod-2;PRODUZIU;19;
2;cons-3;SOLICITA;A;
2;prod-2;BLOQUEIA_CHEIA;;
2;cons-2;CONSUMIU;10;
2;cons-1;LIBERA;B;
2;cons-1;LIBERA;A;
2;cons-1;SOLICITA;A;
2;cons-1;OBTEM;A;
2;cons-1;SOLICITA;B;
2;cons-1;OBTEM;B;
2;prod-3;PRODUZIU;20;
2;prod-3;BLOQUEIA_CHEIA;;
2;cons-1;CONSUMIU;15;
2;cons-2;LIBERA;B;
2;cons-2;LIBERA;A;
2;cons-2;SOLICITA;A;
2;cons-2;OBTEM;A;
2;cons-2;SOLICITA;B;
2;cons-2;OBTEM;B;
2;prod-1;PRODUZIU;21;
2;prod-1;BLOQUEIA_CHEIA;;
2;cons-2;CONSUMIU;16;
2;cons-1;LIBERA;B;
2;cons-1;LIBERA;A;
2;cons-3;OBTEM;A;
2;cons-3;SOLICITA;B;
2;cons-3;OBTEM;B;
2;prod-2;PRODUZIU;22;
2;prod-2;BLOQUEIA_CHEIA;;
2;cons-3;CONSUMIU;14;
2;cons-1;SOLICITA;A;
2;cons-2;LIBERA;B;
2;cons-2;LIBERA;A;
2;cons-2;SOLICITA;A;
2;cons-2;OBTEM;A;
2;cons-2;SOLICITA;B;
2;cons-2;OBTEM;B;
2;prod-3;PRODUZIU;23;
2;prod-3;BLOQUEIA_CHEIA;;
2;cons-3;LIBERA;B;
2;cons-3;LIBERA;A;
2;cons-2;CONSUMIU;18;
2;prod-1;PRODUZIU;24;
2;prod-1;BLOQUEIA_CHEIA;;
2;cons-1;OBTEM;A;
2;cons-1;SOLICITA;B;
2;cons-1;OBTEM;B;
2;cons-1;CONSUMIU;17;
2;cons-4;SOLICITA;A;
2;cons-2;LIBERA;B;
2;cons-2;LIBERA;A;
2;cons-4;OBTEM;A;
2;cons-4;SOLICITA;B;
2;cons-4;OBTEM;B;
2;prod-2;PRODUZIU;25;
2;prod-2;BLOQUEIA_CHEIA;;
2;cons-2;SOLICITA;A;
2;cons-4;CONSUMIU;13;
2;cons-1;LIBERA;B;
2;cons-1;LIBERA;A;
3;cons-1;SOLICITA;A;
3;cons-1;OBTEM;A;
3;cons-1;SOLICITA;B;
3;cons-1;OBTEM;B;
3;prod-3;PRODUZIU;26;
3;prod-3;BLOQUEIA_CHEIA;;
3;cons-4;LIBERA;B;
3;cons-4;LIBERA;A;
3;cons-4;SOLICITA;A;
3;cons-4;OBTEM;A;
3;cons-4;SOLICITA;B;
3;cons-4;OBTEM;B;
3;cons-4;CONSUMIU;22;
3;cons-3;SOLICITA;A;
3;prod-1;PRODUZIU;27;
3;prod-1;BLOQUEIA_CHEIA;;
3;cons-4;LIBERA;B;
3;cons-4;LIBERA;A;
3;cons-1;CONSUMIU;21;
3;prod-2;PRODUZIU;28;
3;prod-2;BLOQUEIA_CHEIA;;
3;cons-4;SOLICITA;A;
3;cons-4;OBTEM;A;
3;cons-4;SOLICITA;B;
3;cons-4;OBTEM;B;
3;cons-4;CONSUMIU;23;
3;cons-1;LIBERA;B;
3;cons-1;LIBERA;A;
3;cons-2;OBTEM;A;
3;cons-4;LIBERA;B;
3;cons-4;LIBERA;A;
3;prod-3;PRODUZIU;29;
3;prod-3;BLOQUEIA_CHEIA;;
3;cons-2;SOLICITA;B;
3;cons-2;OBTEM;B;
3;prod-1;PRODUZIU;30;
3;cons-3;OBTEM;A;
3;prod-1;ENCERRADA;;
3;cons-3;SOLICITA;B;
3;cons-3;OBTEM;B;
3;prod-3;ENCERRADA;;
3;cons-4;SOLICITA;A;
3;prod-2;ENCERRADA;;
3;cons-3;CONSUMIU;19;
3;cons-2;CONSUMIU;20;
3;cons-1;SOLICITA;A;
3;cons-3;LIBERA;B;
3;cons-3;LIBERA;A;
3;cons-3;SOLICITA;A;
3;cons-3;OBTEM;A;
3;cons-3;SOLICITA;B;
3;cons-3;OBTEM;B;
3;cons-3;CONSUMIU;26;
3;cons-3;LIBERA;B;
3;cons-3;LIBERA;A;
3;cons-3;SOLICITA;A;
3;cons-3;OBTEM;A;
3;cons-3;SOLICITA;B;
3;cons-3;OBTEM;B;
3;cons-3;CONSUMIU;27;
3;cons-2;LIBERA;B;
3;cons-2;LIBERA;A;
3;cons-2;SOLICITA;A;
3;cons-2;OBTEM;A;
3;cons-2;SOLICITA;B;
3;cons-2;OBTEM;B;
3;cons-2;CONSUMIU;28;
3;cons-2;LIBERA;B;
3;cons-2;LIBERA;A;
3;cons-2;SOLICITA;A;
3;cons-2;OBTEM;A;
3;cons-2;SOLICITA;B;
3;cons-2;OBTEM;B;
3;cons-2;CONSUMIU;29;
3;cons-2;LIBERA;B;
3;cons-2;LIBERA;A;
3;cons-2;SOLICITA;A;
3;cons-2;OBTEM;A;
3;cons-2;SOLICITA;B;
3;cons-2;OBTEM;B;
3;cons-2;CONSUMIU;30;
3;cons-2;LIBERA;B;
3;cons-2;LIBERA;A;
3;cons-2;ENCERRADA;;
3;cons-4;OBTEM;A;
3;cons-4;SOLICITA;B;
3;cons-4;OBTEM;B;
3;cons-4;CONSUMIU;25;
3;cons-4;LIBERA;B;
3;cons-4;LIBERA;A;
3;cons-4;ENCERRADA;;
3;cons-3;LIBERA;B;
3;cons-3;LIBERA;A;
3;cons-3;ENCERRADA;;
3;cons-1;OBTEM;A;
3;cons-1;SOLICITA;B;
3;cons-1;OBTEM;B;
3;cons-1;CONSUMIU;24;
3;cons-1;LIBERA;B;
3;cons-1;LIBERA;A;
3;cons-1;ENCERRADA;;
